// Jest Snapshot v1, https://goo.gl/fbAQLP

exports[`<DraftModal /> 1`] = `
<View
  style={
    Object {
      "height": 320,
      "width": 320,
    }
  }
>
  <RCTScrollView
    data={
      Array [
        Object {
          "id": "wgx9stqc",
          "text": "test",
        },
        Object {
          "id": "a7vy660a",
          "text": "test2",
        },
      ]
    }
    disableVirtualization={false}
    getItem={[Function]}
    getItemCount={[Function]}
    horizontal={false}
    initialNumToRender={10}
    keyExtractor={[Function]}
    maxToRenderPerBatch={10}
    onContentSizeChange={[Function]}
    onEndReachedThreshold={2}
    onLayout={[Function]}
    onMomentumScrollEnd={[Function]}
    onScroll={[Function]}
    onScrollBeginDrag={[Function]}
    onScrollEndDrag={[Function]}
    removeClippedSubviews={false}
    renderItem={[Function]}
    scrollEventThrottle={50}
    stickyHeaderIndices={Array []}
    updateCellsBatchingPeriod={50}
    viewabilityConfigCallbackPairs={Array []}
    windowSize={21}
  >
    <View>
      <View
        onLayout={[Function]}
        style={null}
      >
        <View
          accessible={true}
          focusable={true}
          onClick={[Function]}
          onResponderGrant={[Function]}
          onResponderMove={[Function]}
          onResponderRelease={[Function]}
          onResponderTerminate={[Function]}
          onResponderTerminationRequest={[Function]}
          onStartShouldSetResponder={[Function]}
        >
          <View
            style={
              Object {
                "alignItems": "center",
                "backgroundColor": "white",
                "borderBottomWidth": 0.5,
                "borderColor": "#bcbbc1",
                "flexDirection": "row",
                "padding": 14,
              }
            }
            testID="padView"
          >
            <View
              style={
                Object {
                  "alignItems": "flex-start",
                  "flex": 1,
                  "justifyContent": "center",
                }
              }
            >
              <Text
                style={
                  Object {
                    "backgroundColor": "transparent",
                    "fontSize": 17,
                  }
                }
                testID="listItemTitle"
                theme={
                  Object {
                    "colors": Object {
                      "disabled": "hsl(208, 8%, 90%)",
                      "divider": "#bcbbc1",
                      "error": "#ff190c",
                      "grey0": "#393e42",
                      "grey1": "#43484d",
                      "grey2": "#5e6977",
                      "grey3": "#86939e",
                      "grey4": "#bdc6cf",
                      "grey5": "#e1e8ee",
                      "greyOutline": "#bbb",
                      "platform": Object {
                        "android": Object {
                          "error": "#f44336",
                          "primary": "#2196f3",
                          "secondary": "#9C27B0",
                          "success": "#4caf50",
                          "warning": "#ffeb3b",
                        },
                        "ios": Object {
                          "error": "#ff3b30",
                          "primary": "#007aff",
                          "secondary": "#5856d6",
                          "success": "#4cd964",
                          "warning": "#ffcc00",
                        },
                      },
                      "primary": "#2089dc",
                      "searchBg": "#303337",
                      "secondary": "#8F0CE8",
                      "success": "#52c41a",
                      "warning": "#faad14",
                    },
                  }
                }
              >
                test
              </Text>
            </View>
            <View
              style={
                Object {
                  "paddingLeft": 16,
                }
              }
            />
            <View
              style={
                Object {
                  "overflow": "hidden",
                }
              }
            >
              <View
                theme={
                  Object {
                    "colors": Object {
                      "disabled": "hsl(208, 8%, 90%)",
                      "divider": "#bcbbc1",
                      "error": "#ff190c",
                      "grey0": "#393e42",
                      "grey1": "#43484d",
                      "grey2": "#5e6977",
                      "grey3": "#86939e",
                      "grey4": "#bdc6cf",
                      "grey5": "#e1e8ee",
                      "greyOutline": "#bbb",
                      "platform": Object {
                        "android": Object {
                          "error": "#f44336",
                          "primary": "#2196f3",
                          "secondary": "#9C27B0",
                          "success": "#4caf50",
                          "warning": "#ffeb3b",
                        },
                        "ios": Object {
                          "error": "#ff3b30",
                          "primary": "#007aff",
                          "secondary": "#5856d6",
                          "success": "#4cd964",
                          "warning": "#ffcc00",
                        },
                      },
                      "primary": "#2089dc",
                      "searchBg": "#303337",
                      "secondary": "#8F0CE8",
                      "success": "#52c41a",
                      "warning": "#faad14",
                    },
                  }
                }
              >
                <View
                  style={
                    Object {
                      "alignItems": "center",
                      "backgroundColor": "transparent",
                      "justifyContent": "center",
                    }
                  }
                >
                  <Text
                    allowFontScaling={false}
                    style={
                      Array [
                        Object {
                          "color": "#D1D1D6",
                          "fontSize": 16,
                        },
                        Object {
                          "backgroundColor": "transparent",
                        },
                        Object {
                          "fontFamily": "ionicons",
                          "fontStyle": "normal",
                          "fontWeight": "normal",
                        },
                        Object {},
                      ]
                    }
                    testID="iconIcon"
                  >
                    Ôèë
                  </Text>
                </View>
              </View>
            </View>
          </View>
        </View>
      </View>
      <View
        onLayout={[Function]}
        style={null}
      >
        <View
          accessible={true}
          focusable={true}
          onClick={[Function]}
          onResponderGrant={[Function]}
          onResponderMove={[Function]}
          onResponderRelease={[Function]}
          onResponderTerminate={[Function]}
          onResponderTerminationRequest={[Function]}
          onStartShouldSetResponder={[Function]}
        >
          <View
            style={
              Object {
                "alignItems": "center",
                "backgroundColor": "white",
                "borderBottomWidth": 0.5,
                "borderColor": "#bcbbc1",
                "flexDirection": "row",
                "padding": 14,
              }
            }
            testID="padView"
          >
            <View
              style={
                Object {
                  "alignItems": "flex-start",
                  "flex": 1,
                  "justifyContent": "center",
                }
              }
            >
              <Text
                style={
                  Object {
                    "backgroundColor": "transparent",
                    "fontSize": 17,
                  }
                }
                testID="listItemTitle"
                theme={
                  Object {
                    "colors": Object {
                      "disabled": "hsl(208, 8%, 90%)",
                      "divider": "#bcbbc1",
                      "error": "#ff190c",
                      "grey0": "#393e42",
                      "grey1": "#43484d",
                      "grey2": "#5e6977",
                      "grey3": "#86939e",
                      "grey4": "#bdc6cf",
                      "grey5": "#e1e8ee",
                      "greyOutline": "#bbb",
                      "platform": Object {
                        "android": Object {
                          "error": "#f44336",
                          "primary": "#2196f3",
                          "secondary": "#9C27B0",
                          "success": "#4caf50",
                          "warning": "#ffeb3b",
                        },
                        "ios": Object {
                          "error": "#ff3b30",
                          "primary": "#007aff",
                          "secondary": "#5856d6",
                          "success": "#4cd964",
                          "warning": "#ffcc00",
                        },
                      },
                      "primary": "#2089dc",
                      "searchBg": "#303337",
                      "secondary": "#8F0CE8",
                      "success": "#52c41a",
                      "warning": "#faad14",
                    },
                  }
                }
              >
                test2
              </Text>
            </View>
            <View
              style={
                Object {
                  "paddingLeft": 16,
                }
              }
            />
            <View
              style={
                Object {
                  "overflow": "hidden",
                }
              }
            >
              <View
                theme={
                  Object {
                    "colors": Object {
                      "disabled": "hsl(208, 8%, 90%)",
                      "divider": "#bcbbc1",
                      "error": "#ff190c",
                      "grey0": "#393e42",
                      "grey1": "#43484d",
                      "grey2": "#5e6977",
                      "grey3": "#86939e",
                      "grey4": "#bdc6cf",
                      "grey5": "#e1e8ee",
                      "greyOutline": "#bbb",
                      "platform": Object {
                        "android": Object {
                          "error": "#f44336",
                          "primary": "#2196f3",
                          "secondary": "#9C27B0",
                          "success": "#4caf50",
                          "warning": "#ffeb3b",
                        },
                        "ios": Object {
                          "error": "#ff3b30",
                          "primary": "#007aff",
                          "secondary": "#5856d6",
                          "success": "#4cd964",
                          "warning": "#ffcc00",
                        },
                      },
                      "primary": "#2089dc",
                      "searchBg": "#303337",
                      "secondary": "#8F0CE8",
                      "success": "#52c41a",
                      "warning": "#faad14",
                    },
                  }
                }
              >
                <View
                  style={
                    Object {
                      "alignItems": "center",
                      "backgroundColor": "transparent",
                      "justifyContent": "center",
                    }
                  }
                >
                  <Text
                    allowFontScaling={false}
                    style={
                      Array [
                        Object {
                          "color": "#D1D1D6",
                          "fontSize": 16,
                        },
                        Object {
                          "backgroundColor": "transparent",
                        },
                        Object {
                          "fontFamily": "ionicons",
                          "fontStyle": "normal",
                          "fontWeight": "normal",
                        },
                        Object {},
                      ]
                    }
                    testID="iconIcon"
                  >
                    Ôèë
                  </Text>
                </View>
              </View>
            </View>
          </View>
        </View>
      </View>
      <View
        style={
          Object {
            "height": 0,
          }
        }
      />
    </View>
  </RCTScrollView>
</View>
`;

exports[`<EmojisModal /> 1`] = `
<View
  style={
    Object {
      "height": 320,
      "width": 320,
    }
  }
>
  <RCTScrollView
    data={
      Array [
        Object {
          "shortcode": "ms_rainbow_flag",
          "static_url": "https://files.mastodon.social/custom_emojis/images/000/028/691/static/6de008d6281f4f59.png",
          "url": "https://files.mastodon.social/custom_emojis/images/000/028/691/original/6de008d6281f4f59.png",
          "visible_in_picker": true,
        },
        Object {
          "shortcode": "ms_bisexual_flag",
          "static_url": "https://files.mastodon.social/custom_emojis/images/000/050/744/static/02f94a5fca7eaf78.png",
          "url": "https://files.mastodon.social/custom_emojis/images/000/050/744/original/02f94a5fca7eaf78.png",
          "visible_in_picker": true,
        },
        Object {
          "shortcode": "ms_nonbinary_flag",
          "static_url": "https://files.mastodon.social/custom_emojis/images/000/105/099/static/8106088bd4782072.png",
          "url": "https://files.mastodon.social/custom_emojis/images/000/105/099/original/8106088bd4782072.png",
          "visible_in_picker": true,
        },
      ]
    }
    disableVirtualization={false}
    getItem={[Function]}
    getItemCount={[Function]}
    horizontal={false}
    initialNumToRender={10}
    keyExtractor={[Function]}
    maxToRenderPerBatch={10}
    onContentSizeChange={[Function]}
    onEndReachedThreshold={2}
    onLayout={[Function]}
    onMomentumScrollEnd={[Function]}
    onScroll={[Function]}
    onScrollBeginDrag={[Function]}
    onScrollEndDrag={[Function]}
    removeClippedSubviews={false}
    renderItem={[Function]}
    scrollEventThrottle={50}
    stickyHeaderIndices={Array []}
    style={
      Object {
        "flexDirection": "column",
      }
    }
    updateCellsBatchingPeriod={50}
    viewabilityConfigCallbackPairs={Array []}
    windowSize={21}
  >
    <View>
      <View
        onLayout={[Function]}
        style={null}
      >
        <View
          style={
            Object {
              "flexDirection": "row",
            }
          }
        >
          <View
            accessible={true}
            focusable={true}
            onClick={[Function]}
            onResponderGrant={[Function]}
            onResponderMove={[Function]}
            onResponderRelease={[Function]}
            onResponderTerminate={[Function]}
            onResponderTerminationRequest={[Function]}
            onStartShouldSetResponder={[Function]}
            style={
              Object {
                "height": 40,
                "opacity": 1,
                "width": 40,
              }
            }
          >
            <View
              accessibilityIgnoresInvertColors={true}
              style={
                Object {
                  "backgroundColor": "transparent",
                  "overflow": "hidden",
                  "position": "relative",
                }
              }
            >
              <Image
                onLoad={[Function]}
                source={
                  Object {
                    "uri": "https://files.mastodon.social/custom_emojis/images/000/028/691/original/6de008d6281f4f59.png",
                  }
                }
                style={
                  Object {
                    "bottom": 0,
                    "height": 32,
                    "left": 0,
                    "position": "absolute",
                    "right": 0,
                    "top": 0,
                    "width": 32,
                  }
                }
                testID="RNE__Image"
                theme={
                  Object {
                    "colors": Object {
                      "disabled": "hsl(208, 8%, 90%)",
                      "divider": "#bcbbc1",
                      "error": "#ff190c",
                      "grey0": "#393e42",
                      "grey1": "#43484d",
                      "grey2": "#5e6977",
                      "grey3": "#86939e",
                      "grey4": "#bdc6cf",
                      "grey5": "#e1e8ee",
                      "greyOutline": "#bbb",
                      "platform": Object {
                        "android": Object {
                          "error": "#f44336",
                          "primary": "#2196f3",
                          "secondary": "#9C27B0",
                          "success": "#4caf50",
                          "warning": "#ffeb3b",
                        },
                        "ios": Object {
                          "error": "#ff3b30",
                          "primary": "#007aff",
                          "secondary": "#5856d6",
                          "success": "#4cd964",
                          "warning": "#ffcc00",
                        },
                      },
                      "primary": "#2089dc",
                      "searchBg": "#303337",
                      "secondary": "#8F0CE8",
                      "success": "#52c41a",
                      "warning": "#faad14",
                    },
                  }
                }
                transition={true}
              />
              <View
                accessibilityElementsHidden={true}
                importantForAccessibility="no-hide-descendants"
                pointerEvents="none"
                style={
                  Object {
                    "bottom": 0,
                    "left": 0,
                    "opacity": 1,
                    "position": "absolute",
                    "right": 0,
                    "top": 0,
                  }
                }
              >
                <View
                  style={
                    Object {
                      "alignItems": "center",
                      "backgroundColor": "#bdbdbd",
                      "height": 32,
                      "justifyContent": "center",
                      "width": 32,
                    }
                  }
                  testID="RNE__Image__placeholder"
                />
              </View>
              <View
                style={
                  Object {
                    "height": 32,
                    "width": 32,
                  }
                }
              />
            </View>
          </View>
          <View
            accessible={true}
            focusable={true}
            onClick={[Function]}
            onResponderGrant={[Function]}
            onResponderMove={[Function]}
            onResponderRelease={[Function]}
            onResponderTerminate={[Function]}
            onResponderTerminationRequest={[Function]}
            onStartShouldSetResponder={[Function]}
            style={
              Object {
                "height": 40,
                "opacity": 1,
                "width": 40,
              }
            }
          >
            <View
              accessibilityIgnoresInvertColors={true}
              style={
                Object {
                  "backgroundColor": "transparent",
                  "overflow": "hidden",
                  "position": "relative",
                }
              }
            >
              <Image
                onLoad={[Function]}
                source={
                  Object {
                    "uri": "https://files.mastodon.social/custom_emojis/images/000/050/744/original/02f94a5fca7eaf78.png",
                  }
                }
                style={
                  Object {
                    "bottom": 0,
                    "height": 32,
                    "left": 0,
                    "position": "absolute",
                    "right": 0,
                    "top": 0,
                    "width": 32,
                  }
                }
                testID="RNE__Image"
                theme={
                  Object {
                    "colors": Object {
                      "disabled": "hsl(208, 8%, 90%)",
                      "divider": "#bcbbc1",
                      "error": "#ff190c",
                      "grey0": "#393e42",
                      "grey1": "#43484d",
                      "grey2": "#5e6977",
                      "grey3": "#86939e",
                      "grey4": "#bdc6cf",
                      "grey5": "#e1e8ee",
                      "greyOutline": "#bbb",
                      "platform": Object {
                        "android": Object {
                          "error": "#f44336",
                          "primary": "#2196f3",
                          "secondary": "#9C27B0",
                          "success": "#4caf50",
                          "warning": "#ffeb3b",
                        },
                        "ios": Object {
                          "error": "#ff3b30",
                          "primary": "#007aff",
                          "secondary": "#5856d6",
                          "success": "#4cd964",
                          "warning": "#ffcc00",
                        },
                      },
                      "primary": "#2089dc",
                      "searchBg": "#303337",
                      "secondary": "#8F0CE8",
                      "success": "#52c41a",
                      "warning": "#faad14",
                    },
                  }
                }
                transition={true}
              />
              <View
                accessibilityElementsHidden={true}
                importantForAccessibility="no-hide-descendants"
                pointerEvents="none"
                style={
                  Object {
                    "bottom": 0,
                    "left": 0,
                    "opacity": 1,
                    "position": "absolute",
                    "right": 0,
                    "top": 0,
                  }
                }
              >
                <View
                  style={
                    Object {
                      "alignItems": "center",
                      "backgroundColor": "#bdbdbd",
                      "height": 32,
                      "justifyContent": "center",
                      "width": 32,
                    }
                  }
                  testID="RNE__Image__placeholder"
                />
              </View>
              <View
                style={
                  Object {
                    "height": 32,
                    "width": 32,
                  }
                }
              />
            </View>
          </View>
          <View
            accessible={true}
            focusable={true}
            onClick={[Function]}
            onResponderGrant={[Function]}
            onResponderMove={[Function]}
            onResponderRelease={[Function]}
            onResponderTerminate={[Function]}
            onResponderTerminationRequest={[Function]}
            onStartShouldSetResponder={[Function]}
            style={
              Object {
                "height": 40,
                "opacity": 1,
                "width": 40,
              }
            }
          >
            <View
              accessibilityIgnoresInvertColors={true}
              style={
                Object {
                  "backgroundColor": "transparent",
                  "overflow": "hidden",
                  "position": "relative",
                }
              }
            >
              <Image
                onLoad={[Function]}
                source={
                  Object {
                    "uri": "https://files.mastodon.social/custom_emojis/images/000/105/099/original/8106088bd4782072.png",
                  }
                }
                style={
                  Object {
                    "bottom": 0,
                    "height": 32,
                    "left": 0,
                    "position": "absolute",
                    "right": 0,
                    "top": 0,
                    "width": 32,
                  }
                }
                testID="RNE__Image"
                theme={
                  Object {
                    "colors": Object {
                      "disabled": "hsl(208, 8%, 90%)",
                      "divider": "#bcbbc1",
                      "error": "#ff190c",
                      "grey0": "#393e42",
                      "grey1": "#43484d",
                      "grey2": "#5e6977",
                      "grey3": "#86939e",
                      "grey4": "#bdc6cf",
                      "grey5": "#e1e8ee",
                      "greyOutline": "#bbb",
                      "platform": Object {
                        "android": Object {
                          "error": "#f44336",
                          "primary": "#2196f3",
                          "secondary": "#9C27B0",
                          "success": "#4caf50",
                          "warning": "#ffeb3b",
                        },
                        "ios": Object {
                          "error": "#ff3b30",
                          "primary": "#007aff",
                          "secondary": "#5856d6",
                          "success": "#4cd964",
                          "warning": "#ffcc00",
                        },
                      },
                      "primary": "#2089dc",
                      "searchBg": "#303337",
                      "secondary": "#8F0CE8",
                      "success": "#52c41a",
                      "warning": "#faad14",
                    },
                  }
                }
                transition={true}
              />
              <View
                accessibilityElementsHidden={true}
                importantForAccessibility="no-hide-descendants"
                pointerEvents="none"
                style={
                  Object {
                    "bottom": 0,
                    "left": 0,
                    "opacity": 1,
                    "position": "absolute",
                    "right": 0,
                    "top": 0,
                  }
                }
              >
                <View
                  style={
                    Object {
                      "alignItems": "center",
                      "backgroundColor": "#bdbdbd",
                      "height": 32,
                      "justifyContent": "center",
                      "width": 32,
                    }
                  }
                  testID="RNE__Image__placeholder"
                />
              </View>
              <View
                style={
                  Object {
                    "height": 32,
                    "width": 32,
                  }
                }
              />
            </View>
          </View>
        </View>
      </View>
    </View>
  </RCTScrollView>
</View>
`;

exports[`<EmojisModal /> Network Error 1`] = `
<View
  style={
    Object {
      "height": 320,
      "width": 320,
    }
  }
>
  <RCTScrollView
    data={Array []}
    disableVirtualization={false}
    getItem={[Function]}
    getItemCount={[Function]}
    horizontal={false}
    initialNumToRender={10}
    keyExtractor={[Function]}
    maxToRenderPerBatch={10}
    onContentSizeChange={[Function]}
    onEndReachedThreshold={2}
    onLayout={[Function]}
    onMomentumScrollEnd={[Function]}
    onScroll={[Function]}
    onScrollBeginDrag={[Function]}
    onScrollEndDrag={[Function]}
    removeClippedSubviews={false}
    renderItem={[Function]}
    scrollEventThrottle={50}
    stickyHeaderIndices={Array []}
    style={
      Object {
        "flexDirection": "column",
      }
    }
    updateCellsBatchingPeriod={50}
    viewabilityConfigCallbackPairs={Array []}
    windowSize={21}
  >
    <View />
  </RCTScrollView>
</View>
`;

exports[`<UserList /> 1`] = `
<View
  style={Object {}}
>
  <View
    accessible={true}
    focusable={true}
    onClick={[Function]}
    onResponderGrant={[Function]}
    onResponderMove={[Function]}
    onResponderRelease={[Function]}
    onResponderTerminate={[Function]}
    onResponderTerminationRequest={[Function]}
    onStartShouldSetResponder={[Function]}
  >
    <View
      style={
        Object {
          "alignItems": "center",
          "backgroundColor": "white",
          "borderBottomWidth": 0.5,
          "borderColor": undefined,
          "flexDirection": "row",
          "padding": 14,
        }
      }
      testID="padView"
    >
      <View
        style={
          Object {
            "backgroundColor": "transparent",
            "borderRadius": 20,
            "height": 40,
            "width": 40,
          }
        }
        theme={
          Object {
            "colors": Object {
              "grey0": "#657786",
              "grey1": "#2b90d9",
              "grey2": "#8899a6",
              "platform": Object {
                "android": Object {},
                "ios": Object {},
              },
              "primary": "#FF3300",
            },
            "customColors": Object {
              "char": "#000000",
              "charBackground": "#FFFFFF",
              "charReverse": "#FFFFFF",
              "item": Object {
                "bookmark": "#4c6ef5",
                "boost": "#2b90d9",
                "favourite": "#ffd27d",
                "none": "#8899a6",
              },
              "link": "#1b95e0",
              "primaryBackground": "#FFFFFF",
              "primaryComplementary": "#00CCFF",
              "tootButton": "#FF5500",
            },
          }
        }
      >
        <View
          accessibilityIgnoresInvertColors={true}
          style={
            Object {
              "backgroundColor": "transparent",
              "borderRadius": 20,
              "flex": 1,
              "overflow": "hidden",
              "position": "relative",
            }
          }
        >
          <Image
            borderRadius={20}
            onLoad={[Function]}
            source={
              Object {
                "uri": "https://files.mastodon.social/accounts/avatars/000/023/634/original/6ca8804dc46800ad.png",
              }
            }
            style={
              Object {
                "bottom": 0,
                "flex": 1,
                "height": null,
                "left": 0,
                "position": "absolute",
                "right": 0,
                "top": 0,
                "width": null,
              }
            }
            testID="RNE__Image"
            theme={
              Object {
                "colors": Object {
                  "grey0": "#657786",
                  "grey1": "#2b90d9",
                  "grey2": "#8899a6",
                  "platform": Object {
                    "android": Object {},
                    "ios": Object {},
                  },
                  "primary": "#FF3300",
                },
                "customColors": Object {
                  "char": "#000000",
                  "charBackground": "#FFFFFF",
                  "charReverse": "#FFFFFF",
                  "item": Object {
                    "bookmark": "#4c6ef5",
                    "boost": "#2b90d9",
                    "favourite": "#ffd27d",
                    "none": "#8899a6",
                  },
                  "link": "#1b95e0",
                  "primaryBackground": "#FFFFFF",
                  "primaryComplementary": "#00CCFF",
                  "tootButton": "#FF5500",
                },
              }
            }
            transition={true}
          />
          <View
            accessibilityElementsHidden={true}
            importantForAccessibility="no-hide-descendants"
            pointerEvents="none"
            style={
              Object {
                "bottom": 0,
                "left": 0,
                "opacity": 1,
                "position": "absolute",
                "right": 0,
                "top": 0,
              }
            }
          >
            <View
              style={
                Object {
                  "alignItems": "center",
                  "backgroundColor": "#bdbdbd",
                  "flex": 1,
                  "height": null,
                  "justifyContent": "center",
                  "width": null,
                }
              }
              testID="RNE__Image__placeholder"
            />
          </View>
          <View
            style={
              Object {
                "flex": 1,
                "height": null,
                "width": null,
              }
            }
          />
        </View>
      </View>
      <View
        style={
          Object {
            "paddingLeft": 16,
          }
        }
      />
      <View
        style={
          Object {
            "alignItems": "flex-start",
            "flex": 1,
            "justifyContent": "center",
          }
        }
      >
        <Text
          style={
            Object {
              "backgroundColor": "transparent",
              "color": "#000000",
              "fontSize": 17,
            }
          }
          testID="listItemTitle"
          theme={
            Object {
              "colors": Object {
                "grey0": "#657786",
                "grey1": "#2b90d9",
                "grey2": "#8899a6",
                "platform": Object {
                  "android": Object {},
                  "ios": Object {},
                },
                "primary": "#FF3300",
              },
              "customColors": Object {
                "char": "#000000",
                "charBackground": "#FFFFFF",
                "charReverse": "#FFFFFF",
                "item": Object {
                  "bookmark": "#4c6ef5",
                  "boost": "#2b90d9",
                  "favourite": "#ffd27d",
                  "none": "#8899a6",
                },
                "link": "#1b95e0",
                "primaryBackground": "#FFFFFF",
                "primaryComplementary": "#00CCFF",
                "tootButton": "#FF5500",
              },
            }
          }
        >
          noiob
        </Text>
      </View>
      <View
        style={
          Object {
            "paddingLeft": 16,
          }
        }
      />
      <View
        style={
          Object {
            "overflow": "hidden",
          }
        }
      >
        <View
          accessible={true}
          focusable={true}
          onClick={[Function]}
          onResponderGrant={[Function]}
          onResponderMove={[Function]}
          onResponderRelease={[Function]}
          onResponderTerminate={[Function]}
          onResponderTerminationRequest={[Function]}
          onStartShouldSetResponder={[Function]}
        >
          <View
            style={
              Object {
                "alignItems": "center",
                "backgroundColor": "transparent",
                "justifyContent": "center",
              }
            }
          >
            <Text
              allowFontScaling={false}
              style={
                Array [
                  Object {
                    "color": "#2b90d9",
                    "fontSize": 24,
                  },
                  Object {
                    "backgroundColor": "transparent",
                  },
                  Object {
                    "fontFamily": "material",
                    "fontStyle": "normal",
                    "fontWeight": "normal",
                  },
                  Object {},
                ]
              }
              testID="iconIcon"
            >
              Óóâ
            </Text>
          </View>
        </View>
      </View>
    </View>
  </View>
</View>
`;
